title: None
comment: None
start_symbol: Start
current_scanner: INITIAL
name: INITIAL;line_comments: [];block_comments: [];auto_newline_off: false;auto_ws_off: false;
Start: Alts(Alt((Alts(Alt(<0>T(x), (Alts(Alt(<0>T(a)) | Alt(<0>T(b))))))), <0>T(y)));
